#-----------------------------------------------------------
# Vivado v2021.1 (64-bit)
# SW Build 3247384 on Thu Jun 10 19:36:07 MDT 2021
# IP Build 3246043 on Fri Jun 11 00:30:35 MDT 2021
# Start of session at: Thu Jul  3 17:28:57 2025
# Process ID: 414002
# Current directory: /home/shishir/pythontest/Red-Pitaya-Casper-Toolflow/red_pitaya/test_spec
# Command line: vivado -jou /home/shishir/pythontest/Red-Pitaya-Casper-Toolflow/red_pitaya/test_spec/test_spec/vivado.jou -log /home/shishir/pythontest/Red-Pitaya-Casper-Toolflow/red_pitaya/test_spec/test_spec/vivado.log -mode batch -source /home/shishir/pythontest/Red-Pitaya-Casper-Toolflow/red_pitaya/test_spec/test_spec/gogogo.tcl
# Log file: /home/shishir/pythontest/Red-Pitaya-Casper-Toolflow/red_pitaya/test_spec/test_spec/vivado.log
# Journal file: /home/shishir/pythontest/Red-Pitaya-Casper-Toolflow/red_pitaya/test_spec/test_spec/vivado.jou
#-----------------------------------------------------------
source /home/shishir/pythontest/Red-Pitaya-Casper-Toolflow/red_pitaya/test_spec/test_spec/gogogo.tcl
